
╔════════════════════════════════════════════════════╗
║       FerroMPI Integration Test Runner            ║
╚════════════════════════════════════════════════════╝

  Processes:   3
  Features:    rma
  Build mode:  debug
  mpiexec:     mpiexec
  mpiexec args: (none)

Building examples...
    Finished `dev` profile [unoptimized + debuginfo] target(s) in 0.03s
Build successful!

════════════════════════════════════════
Running integration tests
════════════════════════════════════════
  Running hello_world (n=3)... PASS
  Running test_lifecycle (n=2)... PASS
  Running test_collectives (n=3)... PASS
  Running test_blocking_extra (n=3)... PASS
  Running test_nonblocking (n=3)... FAIL (timeout after 60s)
    --- last output ---
    PASS: isend/irecv ring
    PASS: isend/irecv multiple outstanding
    PASS: sendrecv
    PASS: blocking send/recv
    
    ===================================================================================
    =   BAD TERMINATION OF ONE OF YOUR APPLICATION PROCESSES
    =   PID 74941 RUNNING AT fedora
    =   EXIT CODE: 15
    =   CLEANING UP REMAINING PROCESSES
    =   YOU CAN IGNORE THE BELOW CLEANUP MESSAGES
    ===================================================================================
    YOUR APPLICATION TERMINATED WITH THE EXIT STRING: Terminated (signal 15)
    This typically refers to a problem with your application.
    Please see the FAQ page for debugging suggestions
    --- end ---
  Running test_p2p_extra (n=3)... FAIL (timeout after 60s)
    --- last output ---
    
    ===================================================================================
    =   BAD TERMINATION OF ONE OF YOUR APPLICATION PROCESSES
    =   PID 79259 RUNNING AT fedora
    =   EXIT CODE: 15
    =   CLEANING UP REMAINING PROCESSES
    =   YOU CAN IGNORE THE BELOW CLEANUP MESSAGES
    ===================================================================================
    YOUR APPLICATION TERMINATED WITH THE EXIT STRING: Terminated (signal 15)
    This typically refers to a problem with your application.
    Please see the FAQ page for debugging suggestions
    --- end ---
  Running test_nonblocking_collectives (n=3)... PASS
  Running test_waitany (n=4)... PASS
  Running test_cancel (n=2)... PASS
  Running test_persistent (n=3)... PASS
  Running test_info (n=2)... PASS
  Running test_comm_split (n=4)... PASS
  Running test_errhandler_returns (n=3)... PASS
  Running test_gather_inplace (n=4)... PASS
  Running test_allgather_inplace (n=4)... PASS
  Running test_scatter_inplace (n=4)... PASS
  Running test_alltoall_inplace (n=4)... PASS
  Running test_igather_inplace (n=4)... PASS
  Running test_iallgather_inplace (n=4)... PASS
  Running test_iscatter_inplace (n=4)... PASS
  Running test_ialltoall_inplace (n=4)... PASS
  Running test_gather_init_inplace (n=4)... PASS
  Running test_allgather_init_inplace (n=4)... PASS
  Running test_scatter_init_inplace (n=4)... PASS
  Running test_alltoall_init_inplace (n=4)... PASS
  Running test_allreduce_bytes (n=4)... PASS
  Running test_error_context (n=2)... PASS
  Running test_request_table_concurrency (n=2)... PASS
  Running test_comm_table_concurrency (n=1)... PASS
  Running test_group_basic (n=4)... PASS
  Running test_group_set_ops (n=4)... PASS
  Running test_group_ranges (n=4)... PASS
  Running test_comm_from_group (n=4)... PASS
  Running test_group_compare (n=4)... PASS
  Running test_group_translate (n=4)... PASS
  Running test_custom_dt_contiguous (n=2)... PASS
  Running test_custom_dt_vector (n=2)... PASS
  Running test_custom_dt_struct (n=2)... PASS
  Running test_custom_dt_resized (n=2)... PASS
  Running test_custom_dt_p2p (n=2)... PASS
  Running test_mpi_from_group (n=4)... PASS
  Running test_user_op (n=4)... PASS
  Running test_persistent_p2p (n=2)... PASS
  Running test_persistent_rsend (n=2)... PASS
  Running test_persistent_ssend (n=2)... PASS
  Running test_persistent_bsend (n=2)... PASS
  Running test_persistent_count_overflow (n=2)... PASS
  Running test_waitall_count_overflow (n=2)... PASS
  Running test_get_group_invalid_handle (n=2)... PASS
  Running test_create_from_group_null_handle (n=2)... PASS

────────────────────────────────────────
Running existing examples as smoke tests
────────────────────────────────────────
  Running ring (n=3)... PASS
  Running allreduce (n=3)... PASS
  Running nonblocking (n=3)... PASS
  Running comm_split (n=3)... PASS
  Running reduce_op_bitwise (n=2)... PASS
  Running reduce_op_maxloc (n=4)... PASS

  Running persistent_bcast (n=3, MPI 4.0+)... DONE (MPI 4.0+ required; may show 'not available')
  Running hybrid_openmp (n=2)... PASS

────────────────────────────────────────
Running RMA/shared memory tests
────────────────────────────────────────
  Running test_rma_window (n=3)... PASS
  Running test_rma_win_create (n=2)... PASS
  Running test_rma_win_fence (n=2)... PASS
  Running test_rma_win_pscw (n=2)... PASS
  Running test_rma_win_lock (n=2)... PASS
  Running test_rma_win_flush_sync (n=2)... PASS
  Running test_rma_put (n=2)... PASS
  Running test_rma_rput (n=2)... PASS
  Running test_rma_rget (n=2)... PASS
  Running test_rma_get (n=2)... PASS
  Running test_rma_accumulate (n=2)... PASS
  Running test_rma_raccumulate (n=2)... PASS
  Running test_rma_get_accumulate (n=2)... PASS
  Running test_rma_fetch_and_op (n=2)... PASS
  Running test_rma_compare_and_swap (n=2)... PASS
  Running shared_memory (n=3)... PASS

╔════════════════════════════════════════════════════╗
║  Results: 71 passed, 2 failed, 0 skipped (73 total)
║  Failed tests: test_nonblocking (timeout) test_p2p_extra (timeout)
╚════════════════════════════════════════════════════╝
EXIT 2
